website redo spring 2017
  cms.hedgeye.com, app.hedgeye.com
    [testcard](https://www.pivotaltracker.com/story/show/150116980)

cms.hedgeye.com
[Implement fast job search for all SF-related jobs for a user ID](https://www.pivotaltracker.com/story/show/149861918)