cms
[Implement fast job search for all SF-related jobs for a user ID](https://www.pivotaltracker.com/story/show/149861918)

cms, reader
[testcard_not_epic](https://www.pivotaltracker.com/story/show/150116980)