cms.hedgeye.com
[Implement fast job search for all SF-related jobs for a user ID](https://www.pivotaltracker.com/story/show/149861918)