etf pro
  accounts.hedgeye.com
    [ETF Pro promo product detail pages pricing copy](https://www.pivotaltracker.com/story/show/149804486)

cms.hedgeye.com
[Implement fast job search for all SF-related jobs for a user ID](https://www.pivotaltracker.com/story/show/149861918)

cms.hedgeye.com, mailroom
[vlad test card 2](https://www.pivotaltracker.com/story/show/150138546)

dct, app.hedgeye.com
[vlad test card 1](https://www.pivotaltracker.com/story/show/150138526)