website redo spring 2017
  cms
    [Vlad Test CArd](https://www.pivotaltracker.com/story/show/149506313)
    [vlad quatro](https://www.pivotaltracker.com/story/show/149510267)
  ui
    [Vlad Test Card 5](https://www.pivotaltracker.com/story/show/149511625)

cms
[vladtestcardnumerotres](https://www.pivotaltracker.com/story/show/149508237)

billing engine
[Vlads Test Card2](https://www.pivotaltracker.com/story/show/149506771)