
========= Results ===========
CONGRATS! No card violations.
