
========= Pivotal Card Checker ===========
OWNER(s): Scott Smith
        Missing prod description label ('to_prod', 'delayed_prod', or 'not_to_prod'):
                Scott to document comp tool - https://www.pivotaltracker.com/story/show/148493877

OWNER(s): Alex Handler
        Other issues:
                Implement update button styles on accounts - https://www.pivotaltracker.com/story/show/138332121 - Card is marked 'unstarted', but has the 'to_prod' label.

No systems to deploy.
