========= Pivotal Card Checker ===========
OWNER(s): Renaldo Pierre Louis
        Missing prod description label ('to_prod', 'delayed_prod', 'not_to_prod', or 'done when merged'):
                Upgrade Mailroom to 1.9 - https://www.pivotaltracker.com/story/show/149747501

OWNER(s): Diego Scataglini
        Missing prod description label ('to_prod', 'delayed_prod', 'not_to_prod', or 'done when merged'):
                3-month Early Look Complimentary subscription seems to be one day too long. - https://www.pivotaltracker.com/story/show/149897775
                Health Care cross discovery spike - https://www.pivotaltracker.com/story/show/149965126
                reader/archives templates is messed up - https://www.pivotaltracker.com/story/show/150146166
                re-enable feed_items_controller action cache - https://www.pivotaltracker.com/story/show/150146414

OWNER(s): NOBODY??!?!
        Nobody is assigned to the following card(s):
                Vlads Test Card - https://www.pivotaltracker.com/story/show/150145929

Systems to deploy: cms, reader, marketing, billing engine
